Archive member included because of file (symbol)

c:/program files (x86)/gnu tools arm embedded/4.9 2015q1/bin/../lib/gcc/arm-none-eabi/4.9.3/armv6-m\libgcc.a(_udivsi3.o)
                              ..\obj\stm32f0xx_rcc.o (__aeabi_uidiv)
c:/program files (x86)/gnu tools arm embedded/4.9 2015q1/bin/../lib/gcc/arm-none-eabi/4.9.3/armv6-m\libgcc.a(_dvmd_tls.o)
                              c:/program files (x86)/gnu tools arm embedded/4.9 2015q1/bin/../lib/gcc/arm-none-eabi/4.9.3/armv6-m\libgcc.a(_udivsi3.o) (__aeabi_idiv0)
c:/program files (x86)/gnu tools arm embedded/4.9 2015q1/bin/../lib/gcc/arm-none-eabi/4.9.3/../../../../arm-none-eabi/lib/armv6-m\libg.a(lib_a-memset.o)
                              ..\obj\main.o (memset)

Allocating common symbols
Common symbol       size              file

N                   0x3               ..\obj\main.o
T                   0xc               ..\obj\main.o
G                   0x8               ..\obj\main.o
BitPeriod           0x4               ..\obj\main.o
PeriodVal           0x4               ..\obj\main.o
R                   0x1c              ..\obj\main.o
E                   0x8               ..\obj\main.o
U                   0x18              ..\obj\main.o

Discarded input sections

 .text          0x00000000        0x0 ..\obj\stm32f0xx_rcc.o
 .bss           0x00000000        0x0 ..\obj\stm32f0xx_rcc.o
 .text.RCC_DeInit
                0x00000000       0x60 ..\obj\stm32f0xx_rcc.o
 .text.RCC_HSEConfig
                0x00000000       0x10 ..\obj\stm32f0xx_rcc.o
 .text.RCC_AdjustHSICalibrationValue
                0x00000000       0x14 ..\obj\stm32f0xx_rcc.o
 .text.RCC_HSICmd
                0x00000000       0x20 ..\obj\stm32f0xx_rcc.o
 .text.RCC_AdjustHSI14CalibrationValue
                0x00000000       0x14 ..\obj\stm32f0xx_rcc.o
 .text.RCC_HSI14Cmd
                0x00000000       0x20 ..\obj\stm32f0xx_rcc.o
 .text.RCC_HSI14ADCRequestCmd
                0x00000000       0x20 ..\obj\stm32f0xx_rcc.o
 .text.RCC_LSEConfig
                0x00000000       0x20 ..\obj\stm32f0xx_rcc.o
 .text.RCC_LSEDriveConfig
                0x00000000       0x18 ..\obj\stm32f0xx_rcc.o
 .text.RCC_LSICmd
                0x00000000       0x20 ..\obj\stm32f0xx_rcc.o
 .text.RCC_PLLConfig
                0x00000000       0x20 ..\obj\stm32f0xx_rcc.o
 .text.RCC_PLLCmd
                0x00000000       0x28 ..\obj\stm32f0xx_rcc.o
 .text.RCC_PREDIV1Config
                0x00000000       0x14 ..\obj\stm32f0xx_rcc.o
 .text.RCC_ClockSecuritySystemCmd
                0x00000000       0x28 ..\obj\stm32f0xx_rcc.o
 .text.RCC_MCOConfig
                0x00000000        0xc ..\obj\stm32f0xx_rcc.o
 .text.RCC_SYSCLKConfig
                0x00000000       0x14 ..\obj\stm32f0xx_rcc.o
 .text.RCC_GetSYSCLKSource
                0x00000000       0x10 ..\obj\stm32f0xx_rcc.o
 .text.RCC_HCLKConfig
                0x00000000       0x14 ..\obj\stm32f0xx_rcc.o
 .text.RCC_PCLKConfig
                0x00000000       0x18 ..\obj\stm32f0xx_rcc.o
 .text.RCC_ADCCLKConfig
                0x00000000       0x34 ..\obj\stm32f0xx_rcc.o
 .text.RCC_CECCLKConfig
                0x00000000       0x18 ..\obj\stm32f0xx_rcc.o
 .text.RCC_I2CCLKConfig
                0x00000000       0x18 ..\obj\stm32f0xx_rcc.o
 .text.RCC_USARTCLKConfig
                0x00000000       0x18 ..\obj\stm32f0xx_rcc.o
 .text.RCC_RTCCLKConfig
                0x00000000       0x10 ..\obj\stm32f0xx_rcc.o
 .text.RCC_RTCCLKCmd
                0x00000000       0x28 ..\obj\stm32f0xx_rcc.o
 .text.RCC_BackupResetCmd
                0x00000000       0x28 ..\obj\stm32f0xx_rcc.o
 .text.RCC_AHBPeriphResetCmd
                0x00000000       0x1c ..\obj\stm32f0xx_rcc.o
 .text.RCC_APB2PeriphResetCmd
                0x00000000       0x1c ..\obj\stm32f0xx_rcc.o
 .text.RCC_APB1PeriphResetCmd
                0x00000000       0x1c ..\obj\stm32f0xx_rcc.o
 .text.RCC_ITConfig
                0x00000000       0x1c ..\obj\stm32f0xx_rcc.o
 .text.RCC_GetFlagStatus
                0x00000000       0x34 ..\obj\stm32f0xx_rcc.o
 .text.RCC_WaitForHSEStartUp
                0x00000000       0x34 ..\obj\stm32f0xx_rcc.o
 .text.RCC_ClearFlag
                0x00000000       0x14 ..\obj\stm32f0xx_rcc.o
 .text.RCC_GetITStatus
                0x00000000       0x14 ..\obj\stm32f0xx_rcc.o
 .text.RCC_ClearITPendingBit
                0x00000000        0xc ..\obj\stm32f0xx_rcc.o
 .text          0x00000000        0x0 ..\obj\main.o
 .text          0x00000000       0x14 ..\obj\startup_stm32f0xx.o
 .data          0x00000000        0x0 ..\obj\startup_stm32f0xx.o
 .bss           0x00000000        0x0 ..\obj\startup_stm32f0xx.o
 .text          0x00000000        0x0 ..\obj\system_stm32f0xx_temp.o
 .bss           0x00000000        0x0 ..\obj\system_stm32f0xx_temp.o
 .text.SystemCoreClockUpdate1
                0x00000000       0x8c ..\obj\system_stm32f0xx_temp.o
 .text          0x00000000        0x0 ..\obj\stm32f0xx_gpio.o
 .data          0x00000000        0x0 ..\obj\stm32f0xx_gpio.o
 .bss           0x00000000        0x0 ..\obj\stm32f0xx_gpio.o
 .text.GPIO_DeInit
                0x00000000       0xa0 ..\obj\stm32f0xx_gpio.o
 .text.GPIO_StructInit
                0x00000000       0x18 ..\obj\stm32f0xx_gpio.o
 .text.GPIO_PinLockConfig
                0x00000000       0x24 ..\obj\stm32f0xx_gpio.o
 .text.GPIO_ReadInputData
                0x00000000        0x8 ..\obj\stm32f0xx_gpio.o
 .text.GPIO_ReadOutputDataBit
                0x00000000        0xc ..\obj\stm32f0xx_gpio.o
 .text.GPIO_ReadOutputData
                0x00000000        0x8 ..\obj\stm32f0xx_gpio.o
 .text.GPIO_SetBits
                0x00000000        0x4 ..\obj\stm32f0xx_gpio.o
 .text.GPIO_ResetBits
                0x00000000        0x4 ..\obj\stm32f0xx_gpio.o
 .text.GPIO_WriteBit
                0x00000000        0xc ..\obj\stm32f0xx_gpio.o
 .text.GPIO_Write
                0x00000000        0x4 ..\obj\stm32f0xx_gpio.o
 .text          0x00000000        0x0 ..\obj\stm32f0xx_usart.o
 .data          0x00000000        0x0 ..\obj\stm32f0xx_usart.o
 .bss           0x00000000        0x0 ..\obj\stm32f0xx_usart.o
 .text.USART_DeInit
                0x00000000       0x44 ..\obj\stm32f0xx_usart.o
 .text.USART_StructInit
                0x00000000       0x18 ..\obj\stm32f0xx_usart.o
 .text.USART_ClockInit
                0x00000000       0x20 ..\obj\stm32f0xx_usart.o
 .text.USART_ClockStructInit
                0x00000000        0xc ..\obj\stm32f0xx_usart.o
 .text.USART_DirectionModeCmd
                0x00000000       0x14 ..\obj\stm32f0xx_usart.o
 .text.USART_OverSampling8Cmd
                0x00000000       0x20 ..\obj\stm32f0xx_usart.o
 .text.USART_OneBitMethodCmd
                0x00000000       0x20 ..\obj\stm32f0xx_usart.o
 .text.USART_MSBFirstCmd
                0x00000000       0x20 ..\obj\stm32f0xx_usart.o
 .text.USART_DataInvCmd
                0x00000000       0x20 ..\obj\stm32f0xx_usart.o
 .text.USART_InvPinCmd
                0x00000000       0x14 ..\obj\stm32f0xx_usart.o
 .text.USART_SWAPPinCmd
                0x00000000       0x20 ..\obj\stm32f0xx_usart.o
 .text.USART_ReceiverTimeOutCmd
                0x00000000       0x20 ..\obj\stm32f0xx_usart.o
 .text.USART_SetReceiverTimeOut
                0x00000000       0x10 ..\obj\stm32f0xx_usart.o
 .text.USART_SetPrescaler
                0x00000000       0x10 ..\obj\stm32f0xx_usart.o
 .text.USART_STOPModeCmd
                0x00000000       0x18 ..\obj\stm32f0xx_usart.o
 .text.USART_StopModeWakeUpSourceConfig
                0x00000000       0x14 ..\obj\stm32f0xx_usart.o
 .text.USART_AutoBaudRateCmd
                0x00000000       0x20 ..\obj\stm32f0xx_usart.o
 .text.USART_AutoBaudRateConfig
                0x00000000       0x14 ..\obj\stm32f0xx_usart.o
 .text.USART_ReceiveData
                0x00000000        0x8 ..\obj\stm32f0xx_usart.o
 .text.USART_SetAddress
                0x00000000       0x14 ..\obj\stm32f0xx_usart.o
 .text.USART_MuteModeCmd
                0x00000000       0x20 ..\obj\stm32f0xx_usart.o
 .text.USART_MuteModeWakeUpConfig
                0x00000000       0x14 ..\obj\stm32f0xx_usart.o
 .text.USART_AddressDetectionConfig
                0x00000000       0x10 ..\obj\stm32f0xx_usart.o
 .text.USART_LINBreakDetectLengthConfig
                0x00000000       0x10 ..\obj\stm32f0xx_usart.o
 .text.USART_LINCmd
                0x00000000       0x20 ..\obj\stm32f0xx_usart.o
 .text.USART_HalfDuplexCmd
                0x00000000       0x18 ..\obj\stm32f0xx_usart.o
 .text.USART_SetGuardTime
                0x00000000       0x14 ..\obj\stm32f0xx_usart.o
 .text.USART_SmartCardCmd
                0x00000000       0x18 ..\obj\stm32f0xx_usart.o
 .text.USART_SmartCardNACKCmd
                0x00000000       0x18 ..\obj\stm32f0xx_usart.o
 .text.USART_SetAutoRetryCount
                0x00000000       0x18 ..\obj\stm32f0xx_usart.o
 .text.USART_SetBlockLength
                0x00000000       0x14 ..\obj\stm32f0xx_usart.o
 .text.USART_IrDAConfig
                0x00000000       0x10 ..\obj\stm32f0xx_usart.o
 .text.USART_IrDACmd
                0x00000000       0x18 ..\obj\stm32f0xx_usart.o
 .text.USART_DECmd
                0x00000000       0x20 ..\obj\stm32f0xx_usart.o
 .text.USART_DEPolarityConfig
                0x00000000       0x14 ..\obj\stm32f0xx_usart.o
 .text.USART_SetDEAssertionTime
                0x00000000       0x18 ..\obj\stm32f0xx_usart.o
 .text.USART_SetDEDeassertionTime
                0x00000000       0x18 ..\obj\stm32f0xx_usart.o
 .text.USART_DMACmd
                0x00000000       0x14 ..\obj\stm32f0xx_usart.o
 .text.USART_DMAReceptionErrorConfig
                0x00000000       0x14 ..\obj\stm32f0xx_usart.o
 .text.USART_ITConfig
                0x00000000       0x38 ..\obj\stm32f0xx_usart.o
 .text.USART_RequestCmd
                0x00000000       0x18 ..\obj\stm32f0xx_usart.o
 .text.USART_OverrunDetectionConfig
                0x00000000       0x14 ..\obj\stm32f0xx_usart.o
 .text.USART_ClearFlag
                0x00000000        0x4 ..\obj\stm32f0xx_usart.o
 .text.USART_GetITStatus
                0x00000000       0x44 ..\obj\stm32f0xx_usart.o
 .text.USART_ClearITPendingBit
                0x00000000        0xc ..\obj\stm32f0xx_usart.o
 .text          0x00000000        0x0 ..\obj\stm32f0xx_tim.o
 .data          0x00000000        0x0 ..\obj\stm32f0xx_tim.o
 .bss           0x00000000        0x0 ..\obj\stm32f0xx_tim.o
 .text.TI1_Config
                0x00000000       0x2c ..\obj\stm32f0xx_tim.o
 .text.TI2_Config
                0x00000000       0x38 ..\obj\stm32f0xx_tim.o
 .text.TIM_DeInit
                0x00000000       0xf4 ..\obj\stm32f0xx_tim.o
 .text.TIM_TimeBaseStructInit
                0x00000000       0x14 ..\obj\stm32f0xx_tim.o
 .text.TIM_PrescalerConfig
                0x00000000        0x8 ..\obj\stm32f0xx_tim.o
 .text.TIM_CounterModeConfig
                0x00000000        0xc ..\obj\stm32f0xx_tim.o
 .text.TIM_SetAutoreload
                0x00000000        0x4 ..\obj\stm32f0xx_tim.o
 .text.TIM_GetCounter
                0x00000000        0x4 ..\obj\stm32f0xx_tim.o
 .text.TIM_GetPrescaler
                0x00000000        0x8 ..\obj\stm32f0xx_tim.o
 .text.TIM_UpdateDisableConfig
                0x00000000       0x18 ..\obj\stm32f0xx_tim.o
 .text.TIM_UpdateRequestConfig
                0x00000000       0x18 ..\obj\stm32f0xx_tim.o
 .text.TIM_ARRPreloadConfig
                0x00000000       0x18 ..\obj\stm32f0xx_tim.o
 .text.TIM_SelectOnePulseMode
                0x00000000       0x10 ..\obj\stm32f0xx_tim.o
 .text.TIM_SetClockDivision
                0x00000000       0x14 ..\obj\stm32f0xx_tim.o
 .text.TIM_BDTRConfig
                0x00000000       0x20 ..\obj\stm32f0xx_tim.o
 .text.TIM_BDTRStructInit
                0x00000000       0x14 ..\obj\stm32f0xx_tim.o
 .text.TIM_CtrlPWMOutputs
                0x00000000       0x20 ..\obj\stm32f0xx_tim.o
 .text.TIM_OC1Init
                0x00000000       0x7c ..\obj\stm32f0xx_tim.o
 .text.TIM_OC2Init
                0x00000000       0xa0 ..\obj\stm32f0xx_tim.o
 .text.TIM_OC3Init
                0x00000000       0x84 ..\obj\stm32f0xx_tim.o
 .text.TIM_OC4Init
                0x00000000       0x64 ..\obj\stm32f0xx_tim.o
 .text.TIM_OCStructInit
                0x00000000       0x14 ..\obj\stm32f0xx_tim.o
 .text.TIM_SelectOCxM
                0x00000000       0x4c ..\obj\stm32f0xx_tim.o
 .text.TIM_SetCompare2
                0x00000000        0x4 ..\obj\stm32f0xx_tim.o
 .text.TIM_SetCompare3
                0x00000000        0x4 ..\obj\stm32f0xx_tim.o
 .text.TIM_SetCompare4
                0x00000000        0x4 ..\obj\stm32f0xx_tim.o
 .text.TIM_ForcedOC1Config
                0x00000000        0xc ..\obj\stm32f0xx_tim.o
 .text.TIM_ForcedOC2Config
                0x00000000       0x14 ..\obj\stm32f0xx_tim.o
 .text.TIM_ForcedOC3Config
                0x00000000        0xc ..\obj\stm32f0xx_tim.o
 .text.TIM_ForcedOC4Config
                0x00000000       0x14 ..\obj\stm32f0xx_tim.o
 .text.TIM_CCPreloadControl
                0x00000000       0x18 ..\obj\stm32f0xx_tim.o
 .text.TIM_OC1PreloadConfig
                0x00000000        0xc ..\obj\stm32f0xx_tim.o
 .text.TIM_OC2PreloadConfig
                0x00000000       0x14 ..\obj\stm32f0xx_tim.o
 .text.TIM_OC3PreloadConfig
                0x00000000        0xc ..\obj\stm32f0xx_tim.o
 .text.TIM_OC4PreloadConfig
                0x00000000       0x14 ..\obj\stm32f0xx_tim.o
 .text.TIM_OC1FastConfig
                0x00000000        0xc ..\obj\stm32f0xx_tim.o
 .text.TIM_OC2FastConfig
                0x00000000       0x14 ..\obj\stm32f0xx_tim.o
 .text.TIM_OC3FastConfig
                0x00000000        0xc ..\obj\stm32f0xx_tim.o
 .text.TIM_OC4FastConfig
                0x00000000       0x14 ..\obj\stm32f0xx_tim.o
 .text.TIM_ClearOC1Ref
                0x00000000        0xc ..\obj\stm32f0xx_tim.o
 .text.TIM_ClearOC2Ref
                0x00000000       0x10 ..\obj\stm32f0xx_tim.o
 .text.TIM_ClearOC3Ref
                0x00000000        0xc ..\obj\stm32f0xx_tim.o
 .text.TIM_ClearOC4Ref
                0x00000000       0x10 ..\obj\stm32f0xx_tim.o
 .text.TIM_OC1PolarityConfig
                0x00000000        0xc ..\obj\stm32f0xx_tim.o
 .text.TIM_OC1NPolarityConfig
                0x00000000        0xc ..\obj\stm32f0xx_tim.o
 .text.TIM_OC2PolarityConfig
                0x00000000       0x10 ..\obj\stm32f0xx_tim.o
 .text.TIM_OC2NPolarityConfig
                0x00000000       0x10 ..\obj\stm32f0xx_tim.o
 .text.TIM_OC3PolarityConfig
                0x00000000       0x14 ..\obj\stm32f0xx_tim.o
 .text.TIM_OC3NPolarityConfig
                0x00000000       0x14 ..\obj\stm32f0xx_tim.o
 .text.TIM_OC4PolarityConfig
                0x00000000       0x14 ..\obj\stm32f0xx_tim.o
 .text.TIM_SelectOCREFClear
                0x00000000       0x10 ..\obj\stm32f0xx_tim.o
 .text.TIM_CCxCmd
                0x00000000       0x18 ..\obj\stm32f0xx_tim.o
 .text.TIM_CCxNCmd
                0x00000000       0x18 ..\obj\stm32f0xx_tim.o
 .text.TIM_SelectCOM
                0x00000000       0x18 ..\obj\stm32f0xx_tim.o
 .text.TIM_ICStructInit
                0x00000000       0x10 ..\obj\stm32f0xx_tim.o
 .text.TIM_GetCapture1
                0x00000000        0x4 ..\obj\stm32f0xx_tim.o
 .text.TIM_GetCapture2
                0x00000000        0x4 ..\obj\stm32f0xx_tim.o
 .text.TIM_GetCapture3
                0x00000000        0x4 ..\obj\stm32f0xx_tim.o
 .text.TIM_GetCapture4
                0x00000000        0x4 ..\obj\stm32f0xx_tim.o
 .text.TIM_SetIC1Prescaler
                0x00000000       0x10 ..\obj\stm32f0xx_tim.o
 .text.TIM_SetIC2Prescaler
                0x00000000       0x18 ..\obj\stm32f0xx_tim.o
 .text.TIM_PWMIConfig
                0x00000000       0x68 ..\obj\stm32f0xx_tim.o
 .text.TIM_SetIC3Prescaler
                0x00000000       0x10 ..\obj\stm32f0xx_tim.o
 .text.TIM_SetIC4Prescaler
                0x00000000       0x18 ..\obj\stm32f0xx_tim.o
 .text.TIM_ICInit
                0x00000000       0xd0 ..\obj\stm32f0xx_tim.o
 .text.TIM_GenerateEvent
                0x00000000        0x4 ..\obj\stm32f0xx_tim.o
 .text.TIM_GetFlagStatus
                0x00000000        0xc ..\obj\stm32f0xx_tim.o
 .text.TIM_ClearFlag
                0x00000000        0x8 ..\obj\stm32f0xx_tim.o
 .text.TIM_DMAConfig
                0x00000000        0x8 ..\obj\stm32f0xx_tim.o
 .text.TIM_DMACmd
                0x00000000       0x14 ..\obj\stm32f0xx_tim.o
 .text.TIM_SelectCCDMA
                0x00000000       0x18 ..\obj\stm32f0xx_tim.o
 .text.TIM_InternalClockConfig
                0x00000000        0xc ..\obj\stm32f0xx_tim.o
 .text.TIM_ITRxExternalClockConfig
                0x00000000       0x14 ..\obj\stm32f0xx_tim.o
 .text.TIM_TIxExternalClockConfig
                0x00000000       0x30 ..\obj\stm32f0xx_tim.o
 .text.TIM_SelectInputTrigger
                0x00000000        0xc ..\obj\stm32f0xx_tim.o
 .text.TIM_SelectOutputTrigger
                0x00000000       0x10 ..\obj\stm32f0xx_tim.o
 .text.TIM_SelectSlaveMode
                0x00000000       0x10 ..\obj\stm32f0xx_tim.o
 .text.TIM_SelectMasterSlaveMode
                0x00000000       0x10 ..\obj\stm32f0xx_tim.o
 .text.TIM_ETRConfig
                0x00000000       0x18 ..\obj\stm32f0xx_tim.o
 .text.TIM_ETRClockMode1Config
                0x00000000       0x14 ..\obj\stm32f0xx_tim.o
 .text.TIM_ETRClockMode2Config
                0x00000000       0x14 ..\obj\stm32f0xx_tim.o
 .text.TIM_EncoderInterfaceConfig
                0x00000000       0x30 ..\obj\stm32f0xx_tim.o
 .text.TIM_SelectHallSensor
                0x00000000       0x18 ..\obj\stm32f0xx_tim.o
 .text.TIM_RemapConfig
                0x00000000        0x8 ..\obj\stm32f0xx_tim.o
 .text          0x00000000        0x0 ..\obj\stm32f0xx_exti.o
 .data          0x00000000        0x0 ..\obj\stm32f0xx_exti.o
 .bss           0x00000000        0x0 ..\obj\stm32f0xx_exti.o
 .text.EXTI_DeInit
                0x00000000       0x20 ..\obj\stm32f0xx_exti.o
 .text.EXTI_StructInit
                0x00000000       0x10 ..\obj\stm32f0xx_exti.o
 .text.EXTI_GenerateSWInterrupt
                0x00000000       0x10 ..\obj\stm32f0xx_exti.o
 .text.EXTI_GetFlagStatus
                0x00000000       0x14 ..\obj\stm32f0xx_exti.o
 .text.EXTI_ClearFlag
                0x00000000        0xc ..\obj\stm32f0xx_exti.o
 .text          0x00000000        0x0 ..\obj\stm32f0xx_syscfg.o
 .data          0x00000000        0x0 ..\obj\stm32f0xx_syscfg.o
 .bss           0x00000000        0x0 ..\obj\stm32f0xx_syscfg.o
 .text.SYSCFG_DeInit
                0x00000000       0x24 ..\obj\stm32f0xx_syscfg.o
 .text.SYSCFG_MemoryRemapConfig
                0x00000000       0x14 ..\obj\stm32f0xx_syscfg.o
 .text.SYSCFG_DMAChannelRemapConfig
                0x00000000       0x1c ..\obj\stm32f0xx_syscfg.o
 .text.SYSCFG_I2CFastModePlusConfig
                0x00000000       0x1c ..\obj\stm32f0xx_syscfg.o
 .text.SYSCFG_BreakConfig
                0x00000000       0x10 ..\obj\stm32f0xx_syscfg.o
 .text.SYSCFG_GetFlagStatus
                0x00000000       0x10 ..\obj\stm32f0xx_syscfg.o
 .text.SYSCFG_ClearFlag
                0x00000000       0x10 ..\obj\stm32f0xx_syscfg.o
 .text          0x00000000        0x0 ..\obj\stm32f0xx_misc.o
 .data          0x00000000        0x0 ..\obj\stm32f0xx_misc.o
 .bss           0x00000000        0x0 ..\obj\stm32f0xx_misc.o
 .text.NVIC_SystemLPConfig
                0x00000000       0x1c ..\obj\stm32f0xx_misc.o
 .text.SysTick_CLKSourceConfig
                0x00000000       0x20 ..\obj\stm32f0xx_misc.o
 .data          0x00000000        0x0 c:/program files (x86)/gnu tools arm embedded/4.9 2015q1/bin/../lib/gcc/arm-none-eabi/4.9.3/armv6-m\libgcc.a(_udivsi3.o)
 .bss           0x00000000        0x0 c:/program files (x86)/gnu tools arm embedded/4.9 2015q1/bin/../lib/gcc/arm-none-eabi/4.9.3/armv6-m\libgcc.a(_udivsi3.o)
 .data          0x00000000        0x0 c:/program files (x86)/gnu tools arm embedded/4.9 2015q1/bin/../lib/gcc/arm-none-eabi/4.9.3/armv6-m\libgcc.a(_dvmd_tls.o)
 .bss           0x00000000        0x0 c:/program files (x86)/gnu tools arm embedded/4.9 2015q1/bin/../lib/gcc/arm-none-eabi/4.9.3/armv6-m\libgcc.a(_dvmd_tls.o)
 .text          0x00000000        0x0 c:/program files (x86)/gnu tools arm embedded/4.9 2015q1/bin/../lib/gcc/arm-none-eabi/4.9.3/../../../../arm-none-eabi/lib/armv6-m\libg.a(lib_a-memset.o)
 .data          0x00000000        0x0 c:/program files (x86)/gnu tools arm embedded/4.9 2015q1/bin/../lib/gcc/arm-none-eabi/4.9.3/../../../../arm-none-eabi/lib/armv6-m\libg.a(lib_a-memset.o)
 .bss           0x00000000        0x0 c:/program files (x86)/gnu tools arm embedded/4.9 2015q1/bin/../lib/gcc/arm-none-eabi/4.9.3/../../../../arm-none-eabi/lib/armv6-m\libg.a(lib_a-memset.o)

Memory Configuration

Name             Origin             Length             Attributes
rom              0x08000000         0x00010000         xr
ram              0x20000000         0x00002000         xrw
*default*        0x00000000         0xffffffff

Linker script and memory map

                0x20002000                _eram = 0x20002000

.text           0x08000000      0xc68
 *(.isr_vector)
 .isr_vector    0x08000000       0xc4 ..\obj\startup_stm32f0xx.o
                0x08000000                g_pfnVectors
 *(.text*)
 .text.RCC_GetClocksFreq
                0x080000c4      0x118 ..\obj\stm32f0xx_rcc.o
                0x080000c4                RCC_GetClocksFreq
 .text.RCC_AHBPeriphClockCmd
                0x080001dc       0x1c ..\obj\stm32f0xx_rcc.o
                0x080001dc                RCC_AHBPeriphClockCmd
 .text.RCC_APB2PeriphClockCmd
                0x080001f8       0x1c ..\obj\stm32f0xx_rcc.o
                0x080001f8                RCC_APB2PeriphClockCmd
 .text.RCC_APB1PeriphClockCmd
                0x08000214       0x1c ..\obj\stm32f0xx_rcc.o
                0x08000214                RCC_APB1PeriphClockCmd
 .text.EXTI0_1_IRQHandler
                0x08000230       0x74 ..\obj\main.o
                0x08000230                EXTI0_1_IRQHandler
 .text.TIM15_IRQHandler
                0x080002a4       0x94 ..\obj\main.o
                0x080002a4                TIM15_IRQHandler
 .text.U_Tx     0x08000338       0x30 ..\obj\main.o
                0x08000338                U_Tx
 .text.SysTick_Handler
                0x08000368       0x10 ..\obj\main.o
                0x08000368                SysTick_Handler
 .text.Delay    0x08000378       0x20 ..\obj\main.o
                0x08000378                Delay
 .text.main     0x08000398      0x1dc ..\obj\main.o
                0x08000398                main
 .text.Reset_Handler
                0x08000574       0x4c ..\obj\startup_stm32f0xx.o
                0x08000574                Reset_Handler
 .text.Default_Handler
                0x080005c0        0x2 ..\obj\startup_stm32f0xx.o
                0x080005c0                TIM1_CC_IRQHandler
                0x080005c0                HardFault_Handler
                0x080005c0                ADC1_COMP_IRQHandler
                0x080005c0                PVD_IRQHandler
                0x080005c0                PendSV_Handler
                0x080005c0                NMI_Handler
                0x080005c0                I2C1_IRQHandler
                0x080005c0                SPI1_IRQHandler
                0x080005c0                TIM6_DAC_IRQHandler
                0x080005c0                EXTI2_3_IRQHandler
                0x080005c0                I2C2_IRQHandler
                0x080005c0                TIM17_IRQHandler
                0x080005c0                RTC_IRQHandler
                0x080005c0                TIM16_IRQHandler
                0x080005c0                TIM3_IRQHandler
                0x080005c0                EXTI4_15_IRQHandler
                0x080005c0                RCC_IRQHandler
                0x080005c0                DMA1_Channel1_IRQHandler
                0x080005c0                Default_Handler
                0x080005c0                CEC_IRQHandler
                0x080005c0                TIM14_IRQHandler
                0x080005c0                DMA1_Channel4_5_IRQHandler
                0x080005c0                SPI2_IRQHandler
                0x080005c0                SVC_Handler
                0x080005c0                TS_IRQHandler
                0x080005c0                WWDG_IRQHandler
                0x080005c0                TIM2_IRQHandler
                0x080005c0                DMA1_Channel2_3_IRQHandler
                0x080005c0                USART2_IRQHandler
                0x080005c0                FLASH_IRQHandler
                0x080005c0                USART1_IRQHandler
                0x080005c0                TIM1_BRK_UP_TRG_COM_IRQHandler
 *fill*         0x080005c2        0x2 
 .text.SetSysClock1
                0x080005c4       0xb4 ..\obj\system_stm32f0xx_temp.o
                0x080005c4                SetSysClock
 .text.SystemInit1
                0x08000678       0x64 ..\obj\system_stm32f0xx_temp.o
                0x08000678                SystemInit
                0x08000678                SystemInit1
 .text.GPIO_Init
                0x080006dc       0xa4 ..\obj\stm32f0xx_gpio.o
                0x080006dc                GPIO_Init
 .text.GPIO_ReadInputDataBit
                0x08000780        0xc ..\obj\stm32f0xx_gpio.o
                0x08000780                GPIO_ReadInputDataBit
 .text.GPIO_PinAFConfig
                0x0800078c       0x24 ..\obj\stm32f0xx_gpio.o
                0x0800078c                GPIO_PinAFConfig
 .text.USART_Init
                0x080007b0       0xc0 ..\obj\stm32f0xx_usart.o
                0x080007b0                USART_Init
 .text.USART_Cmd
                0x08000870       0x18 ..\obj\stm32f0xx_usart.o
                0x08000870                USART_Cmd
 .text.USART_SendData
                0x08000888        0x8 ..\obj\stm32f0xx_usart.o
                0x08000888                USART_SendData
 .text.USART_GetFlagStatus
                0x08000890        0xc ..\obj\stm32f0xx_usart.o
                0x08000890                USART_GetFlagStatus
 .text.TIM_TimeBaseInit
                0x0800089c       0xa4 ..\obj\stm32f0xx_tim.o
                0x0800089c                TIM_TimeBaseInit
 .text.TIM_SetCounter
                0x08000940        0x4 ..\obj\stm32f0xx_tim.o
                0x08000940                TIM_SetCounter
 .text.TIM_Cmd  0x08000944       0x18 ..\obj\stm32f0xx_tim.o
                0x08000944                TIM_Cmd
 .text.TIM_SetCompare1
                0x0800095c        0x4 ..\obj\stm32f0xx_tim.o
                0x0800095c                TIM_SetCompare1
 .text.TIM_ITConfig
                0x08000960       0x14 ..\obj\stm32f0xx_tim.o
                0x08000960                TIM_ITConfig
 .text.TIM_GetITStatus
                0x08000974       0x18 ..\obj\stm32f0xx_tim.o
                0x08000974                TIM_GetITStatus
 .text.TIM_ClearITPendingBit
                0x0800098c        0x8 ..\obj\stm32f0xx_tim.o
                0x0800098c                TIM_ClearITPendingBit
 .text.EXTI_Init
                0x08000994       0x78 ..\obj\stm32f0xx_exti.o
                0x08000994                EXTI_Init
 .text.EXTI_GetITStatus
                0x08000a0c       0x14 ..\obj\stm32f0xx_exti.o
                0x08000a0c                EXTI_GetITStatus
 .text.EXTI_ClearITPendingBit
                0x08000a20        0xc ..\obj\stm32f0xx_exti.o
                0x08000a20                EXTI_ClearITPendingBit
 .text.SYSCFG_EXTILineConfig
                0x08000a2c       0x2c ..\obj\stm32f0xx_syscfg.o
                0x08000a2c                SYSCFG_EXTILineConfig
 .text.NVIC_Init
                0x08000a58       0x60 ..\obj\stm32f0xx_misc.o
                0x08000a58                NVIC_Init
 .text          0x08000ab8      0x120 c:/program files (x86)/gnu tools arm embedded/4.9 2015q1/bin/../lib/gcc/arm-none-eabi/4.9.3/armv6-m\libgcc.a(_udivsi3.o)
                0x08000ab8                __aeabi_uidiv
                0x08000ab8                __udivsi3
                0x08000bc4                __aeabi_uidivmod
 .text          0x08000bd8        0x4 c:/program files (x86)/gnu tools arm embedded/4.9 2015q1/bin/../lib/gcc/arm-none-eabi/4.9.3/armv6-m\libgcc.a(_dvmd_tls.o)
                0x08000bd8                __aeabi_idiv0
                0x08000bd8                __aeabi_ldiv0
 .text.memset   0x08000bdc       0x8c c:/program files (x86)/gnu tools arm embedded/4.9 2015q1/bin/../lib/gcc/arm-none-eabi/4.9.3/../../../../arm-none-eabi/lib/armv6-m\libg.a(lib_a-memset.o)
                0x08000bdc                memset
 *(.init)
 *(.fini)
 *crtbegin.o(.ctors)
 *crtbegin?.o(.ctors)
 *(EXCLUDE_FILE(*crtend.o *crtend?.o) .ctors)
 *(SORT(.ctors.*))
 *(.ctors)
 *crtbegin.o(.dtors)
 *crtbegin?.o(.dtors)
 *(EXCLUDE_FILE(*crtend.o *crtend?.o) .dtors)
 *(SORT(.dtors.*))
 *(.dtors)
 *(.rodata*)
 *(.eh_fram e*)

.glue_7         0x08000c68        0x0
 .glue_7        0x00000000        0x0 linker stubs

.glue_7t        0x08000c68        0x0
 .glue_7t       0x00000000        0x0 linker stubs

.vfp11_veneer   0x08000c68        0x0
 .vfp11_veneer  0x00000000        0x0 linker stubs

.v4_bx          0x08000c68        0x0
 .v4_bx         0x00000000        0x0 linker stubs

.iplt           0x08000c68        0x0
 .iplt          0x00000000        0x0 ..\obj\stm32f0xx_rcc.o

.rel.dyn        0x08000c68        0x0
 .rel.iplt      0x00000000        0x0 ..\obj\stm32f0xx_rcc.o

.ARM.extab
 *(.ARM.extab* .gnu.linkonce.armextab.*)
                0x08000c68                __exidx_start = .

.ARM.exidx
 *(.ARM.exidx* .gnu.linkonce.armexidx.*)
                0x08000c68                __exidx_end = .
                0x08000c68                __etext = .
                0x08000c68                _sidata = __etext

.data           0x20000000       0x28 load address 0x08000c68
                0x20000000                __data_start__ = .
                0x20000000                _sdata = __data_start__
 *(vtable)
 *(.data*)
 .data          0x20000000       0x10 ..\obj\stm32f0xx_rcc.o
 .data          0x20000010        0x1 ..\obj\main.o
                0x20000010                U_Finished
 *fill*         0x20000011        0x3 
 .data          0x20000014       0x14 ..\obj\system_stm32f0xx_temp.o
                0x20000014                AHBPrescTable
                0x20000024                SystemCoreClock
                0x20000028                . = ALIGN (0x4)
                0x20000028                PROVIDE (__preinit_array_start, .)
 *(.preinit_array)
                0x20000028                PROVIDE (__preinit_array_end, .)
                0x20000028                . = ALIGN (0x4)
                0x20000028                PROVIDE (__init_array_start, .)
 *(SORT(.init_array.*))
 *(.init_array)
                0x20000028                PROVIDE (__init_array_end, .)
                0x20000028                . = ALIGN (0x4)
                0x20000028                PROVIDE (__fini_array_start, .)
 *(SORT(.fini_array.*))
 *(.fini_array)
                0x20000028                PROVIDE (__fini_array_end, .)
 *(.jcr*)
                0x20000028                . = ALIGN (0x4)
                0x20000028                __data_end__ = .
                0x20000028                _edata = __data_end__

.igot.plt       0x20000028        0x0 load address 0x08000c90
 .igot.plt      0x00000000        0x0 ..\obj\stm32f0xx_rcc.o

.bss            0x20000028       0x68 load address 0x08000c90
                0x20000028                . = ALIGN (0x4)
                0x20000028                __bss_start__ = .
                0x20000028                _sbss = __bss_start__
 *(.bss*)
 .bss           0x20000028        0xc ..\obj\main.o
                0x20000028                nBitPeriod
                0x2000002c                ECnt
                0x2000002d                UData
                0x20000030                MSec
 *(COMMON)
 COMMON         0x20000034       0x5c ..\obj\main.o
                0x20000034                N
                0x20000038                T
                0x20000044                G
                0x2000004c                BitPeriod
                0x20000050                PeriodVal
                0x20000054                R
                0x20000070                E
                0x20000078                U
                0x20000090                . = ALIGN (0x4)
                0x20000090                __bss_end__ = .
                0x20000090                _ebss = __bss_end__

.heap           0x20000090        0x0
                0x20000090                __end__ = .
                0x20000090                _end = __end__
                0x20000090                end = __end__
 *(.heap*)
                0x20000090                __HeapLimit = .

.co_stack       0x20000090        0x0
                0x20000090                . = ALIGN (0x8)
 *(.co_stack .co_stack.*)
                0x20002000                __StackTop = (ORIGIN (ram) + 0x2000)
                0x20002000                __StackLimit = (__StackTop - SIZEOF (.co_stack))
                0x20002000                PROVIDE (__stack, __StackTop)
                0x00000001                ASSERT ((__StackLimit >= __HeapLimit), region ram  overflowed with stack)
LOAD ..\obj\stm32f0xx_rcc.o
LOAD ..\obj\main.o
LOAD ..\obj\startup_stm32f0xx.o
LOAD ..\obj\system_stm32f0xx_temp.o
LOAD ..\obj\stm32f0xx_gpio.o
LOAD ..\obj\stm32f0xx_usart.o
LOAD ..\obj\stm32f0xx_tim.o
LOAD ..\obj\stm32f0xx_exti.o
LOAD ..\obj\stm32f0xx_syscfg.o
LOAD ..\obj\stm32f0xx_misc.o
START GROUP
LOAD c:/program files (x86)/gnu tools arm embedded/4.9 2015q1/bin/../lib/gcc/arm-none-eabi/4.9.3/armv6-m\libgcc.a
LOAD c:/program files (x86)/gnu tools arm embedded/4.9 2015q1/bin/../lib/gcc/arm-none-eabi/4.9.3/../../../../arm-none-eabi/lib/armv6-m\libg.a
LOAD c:/program files (x86)/gnu tools arm embedded/4.9 2015q1/bin/../lib/gcc/arm-none-eabi/4.9.3/../../../../arm-none-eabi/lib/armv6-m\libc.a
END GROUP
OUTPUT(STM32F0-UARTAnyPin.elf elf32-littlearm)

.debug_info     0x00000000     0x5fa1
 .debug_info    0x00000000      0x9d4 ..\obj\stm32f0xx_rcc.o
 .debug_info    0x000009d4     0x1287 ..\obj\main.o
 .debug_info    0x00001c5b       0xc2 ..\obj\startup_stm32f0xx.o
 .debug_info    0x00001d1d      0x2fd ..\obj\system_stm32f0xx_temp.o
 .debug_info    0x0000201a      0x6eb ..\obj\stm32f0xx_gpio.o
 .debug_info    0x00002705      0xed8 ..\obj\stm32f0xx_usart.o
 .debug_info    0x000035dd     0x209c ..\obj\stm32f0xx_tim.o
 .debug_info    0x00005679      0x30f ..\obj\stm32f0xx_exti.o
 .debug_info    0x00005988      0x2b0 ..\obj\stm32f0xx_syscfg.o
 .debug_info    0x00005c38      0x369 ..\obj\stm32f0xx_misc.o

.debug_abbrev   0x00000000     0x10f3
 .debug_abbrev  0x00000000      0x22e ..\obj\stm32f0xx_rcc.o
 .debug_abbrev  0x0000022e      0x30c ..\obj\main.o
 .debug_abbrev  0x0000053a       0x12 ..\obj\startup_stm32f0xx.o
 .debug_abbrev  0x0000054c      0x13f ..\obj\system_stm32f0xx_temp.o
 .debug_abbrev  0x0000068b      0x1d2 ..\obj\stm32f0xx_gpio.o
 .debug_abbrev  0x0000085d      0x1ba ..\obj\stm32f0xx_usart.o
 .debug_abbrev  0x00000a17      0x284 ..\obj\stm32f0xx_tim.o
 .debug_abbrev  0x00000c9b      0x1b0 ..\obj\stm32f0xx_exti.o
 .debug_abbrev  0x00000e4b      0x156 ..\obj\stm32f0xx_syscfg.o
 .debug_abbrev  0x00000fa1      0x152 ..\obj\stm32f0xx_misc.o

.debug_loc      0x00000000     0x3458
 .debug_loc     0x00000000      0x83e ..\obj\stm32f0xx_rcc.o
 .debug_loc     0x0000083e       0x41 ..\obj\main.o
 .debug_loc     0x0000087f      0x113 ..\obj\system_stm32f0xx_temp.o
 .debug_loc     0x00000992      0x28b ..\obj\stm32f0xx_gpio.o
 .debug_loc     0x00000c1d      0x8da ..\obj\stm32f0xx_usart.o
 .debug_loc     0x000014f7     0x1beb ..\obj\stm32f0xx_tim.o
 .debug_loc     0x000030e2      0x149 ..\obj\stm32f0xx_exti.o
 .debug_loc     0x0000322b      0x1b9 ..\obj\stm32f0xx_syscfg.o
 .debug_loc     0x000033e4       0x74 ..\obj\stm32f0xx_misc.o

.debug_aranges  0x00000000      0x7e0
 .debug_aranges
                0x00000000      0x150 ..\obj\stm32f0xx_rcc.o
 .debug_aranges
                0x00000150       0x48 ..\obj\main.o
 .debug_aranges
                0x00000198       0x28 ..\obj\startup_stm32f0xx.o
 .debug_aranges
                0x000001c0       0x30 ..\obj\system_stm32f0xx_temp.o
 .debug_aranges
                0x000001f0       0x80 ..\obj\stm32f0xx_gpio.o
 .debug_aranges
                0x00000270      0x1a0 ..\obj\stm32f0xx_usart.o
 .debug_aranges
                0x00000410      0x2f0 ..\obj\stm32f0xx_tim.o
 .debug_aranges
                0x00000700       0x58 ..\obj\stm32f0xx_exti.o
 .debug_aranges
                0x00000758       0x58 ..\obj\stm32f0xx_syscfg.o
 .debug_aranges
                0x000007b0       0x30 ..\obj\stm32f0xx_misc.o

.debug_ranges   0x00000000      0x748
 .debug_ranges  0x00000000      0x140 ..\obj\stm32f0xx_rcc.o
 .debug_ranges  0x00000140       0x38 ..\obj\main.o
 .debug_ranges  0x00000178       0x20 ..\obj\startup_stm32f0xx.o
 .debug_ranges  0x00000198       0x20 ..\obj\system_stm32f0xx_temp.o
 .debug_ranges  0x000001b8       0x70 ..\obj\stm32f0xx_gpio.o
 .debug_ranges  0x00000228      0x190 ..\obj\stm32f0xx_usart.o
 .debug_ranges  0x000003b8      0x2e0 ..\obj\stm32f0xx_tim.o
 .debug_ranges  0x00000698       0x48 ..\obj\stm32f0xx_exti.o
 .debug_ranges  0x000006e0       0x48 ..\obj\stm32f0xx_syscfg.o
 .debug_ranges  0x00000728       0x20 ..\obj\stm32f0xx_misc.o

.debug_line     0x00000000     0x252a
 .debug_line    0x00000000      0x51b ..\obj\stm32f0xx_rcc.o
 .debug_line    0x0000051b      0x39a ..\obj\main.o
 .debug_line    0x000008b5       0xb5 ..\obj\startup_stm32f0xx.o
 .debug_line    0x0000096a      0x1c9 ..\obj\system_stm32f0xx_temp.o
 .debug_line    0x00000b33      0x305 ..\obj\stm32f0xx_gpio.o
 .debug_line    0x00000e38      0x5e9 ..\obj\stm32f0xx_usart.o
 .debug_line    0x00001421      0xa2d ..\obj\stm32f0xx_tim.o
 .debug_line    0x00001e4e      0x270 ..\obj\stm32f0xx_exti.o
 .debug_line    0x000020be      0x21e ..\obj\stm32f0xx_syscfg.o
 .debug_line    0x000022dc      0x24e ..\obj\stm32f0xx_misc.o

.debug_str      0x00000000     0x24a5
 .debug_str     0x00000000      0x68c ..\obj\stm32f0xx_rcc.o
                                0x725 (size before relaxing)
 .debug_str     0x0000068c      0x8b2 ..\obj\main.o
                                0xb2a (size before relaxing)
 .debug_str     0x00000f3e       0xa4 ..\obj\system_stm32f0xx_temp.o
                                0x29c (size before relaxing)
 .debug_str     0x00000fe2      0x15e ..\obj\stm32f0xx_gpio.o
                                0x4b2 (size before relaxing)
 .debug_str     0x00001140      0x634 ..\obj\stm32f0xx_usart.o
                                0x993 (size before relaxing)
 .debug_str     0x00001774      0xa47 ..\obj\stm32f0xx_tim.o
                                0xe0c (size before relaxing)
 .debug_str     0x000021bb       0xb3 ..\obj\stm32f0xx_exti.o
                                0x32f (size before relaxing)
 .debug_str     0x0000226e      0x184 ..\obj\stm32f0xx_syscfg.o
                                0x31b (size before relaxing)
 .debug_str     0x000023f2       0xb3 ..\obj\stm32f0xx_misc.o
                                0x2f6 (size before relaxing)

.comment        0x00000000       0x70
 .comment       0x00000000       0x70 ..\obj\stm32f0xx_rcc.o
                                 0x71 (size before relaxing)
 .comment       0x00000000       0x71 ..\obj\main.o
 .comment       0x00000000       0x71 ..\obj\system_stm32f0xx_temp.o
 .comment       0x00000000       0x71 ..\obj\stm32f0xx_gpio.o
 .comment       0x00000000       0x71 ..\obj\stm32f0xx_usart.o
 .comment       0x00000000       0x71 ..\obj\stm32f0xx_tim.o
 .comment       0x00000000       0x71 ..\obj\stm32f0xx_exti.o
 .comment       0x00000000       0x71 ..\obj\stm32f0xx_syscfg.o
 .comment       0x00000000       0x71 ..\obj\stm32f0xx_misc.o

.ARM.attributes
                0x00000000       0x2f
 .ARM.attributes
                0x00000000       0x31 ..\obj\stm32f0xx_rcc.o
 .ARM.attributes
                0x00000031       0x31 ..\obj\main.o
 .ARM.attributes
                0x00000062       0x21 ..\obj\startup_stm32f0xx.o
 .ARM.attributes
                0x00000083       0x31 ..\obj\system_stm32f0xx_temp.o
 .ARM.attributes
                0x000000b4       0x31 ..\obj\stm32f0xx_gpio.o
 .ARM.attributes
                0x000000e5       0x31 ..\obj\stm32f0xx_usart.o
 .ARM.attributes
                0x00000116       0x31 ..\obj\stm32f0xx_tim.o
 .ARM.attributes
                0x00000147       0x31 ..\obj\stm32f0xx_exti.o
 .ARM.attributes
                0x00000178       0x31 ..\obj\stm32f0xx_syscfg.o
 .ARM.attributes
                0x000001a9       0x31 ..\obj\stm32f0xx_misc.o
 .ARM.attributes
                0x000001da       0x1e c:/program files (x86)/gnu tools arm embedded/4.9 2015q1/bin/../lib/gcc/arm-none-eabi/4.9.3/armv6-m\libgcc.a(_udivsi3.o)
 .ARM.attributes
                0x000001f8       0x1e c:/program files (x86)/gnu tools arm embedded/4.9 2015q1/bin/../lib/gcc/arm-none-eabi/4.9.3/armv6-m\libgcc.a(_dvmd_tls.o)
 .ARM.attributes
                0x00000216       0x2c c:/program files (x86)/gnu tools arm embedded/4.9 2015q1/bin/../lib/gcc/arm-none-eabi/4.9.3/../../../../arm-none-eabi/lib/armv6-m\libg.a(lib_a-memset.o)

.debug_frame    0x00000000     0x104c
 .debug_frame   0x00000000      0x2a0 ..\obj\stm32f0xx_rcc.o
 .debug_frame   0x000002a0       0xa8 ..\obj\main.o
 .debug_frame   0x00000348       0x54 ..\obj\system_stm32f0xx_temp.o
 .debug_frame   0x0000039c      0x108 ..\obj\stm32f0xx_gpio.o
 .debug_frame   0x000004a4      0x354 ..\obj\stm32f0xx_usart.o
 .debug_frame   0x000007f8      0x68c ..\obj\stm32f0xx_tim.o
 .debug_frame   0x00000e84       0x98 ..\obj\stm32f0xx_exti.o
 .debug_frame   0x00000f1c       0x98 ..\obj\stm32f0xx_syscfg.o
 .debug_frame   0x00000fb4       0x4c ..\obj\stm32f0xx_misc.o
 .debug_frame   0x00001000       0x20 c:/program files (x86)/gnu tools arm embedded/4.9 2015q1/bin/../lib/gcc/arm-none-eabi/4.9.3/armv6-m\libgcc.a(_udivsi3.o)
 .debug_frame   0x00001020       0x2c c:/program files (x86)/gnu tools arm embedded/4.9 2015q1/bin/../lib/gcc/arm-none-eabi/4.9.3/../../../../arm-none-eabi/lib/armv6-m\libg.a(lib_a-memset.o)
